// Jest Snapshot v1, https://goo.gl/fbAQLP

exports[`PlaceHolder should match the snapshot with all data passed in correctly 1`] = `
<div
  className="card"
>
  <h2>
    Select a category to begin!
  </h2>
  <img
    alt="Light Bulb palceholder"
    className="bulb"
    src="bulb.svg"
  />
</div>
`;
